2026-09-17 12:37:51.352: [INFO] CurrentProfilePath: C:\Users\u0156396\Desktop\ver.2\browser_profile\Default
2026-09-17 12:37:51.352: [INFO] Profiles total count: 1
2026-09-17 12:37:51.352: [INFO] Profile: name=Profile 1 path=C:\Users\u0156396\Desktop\ver.2\browser_profile\Default lastActive=null
2026-09-17 12:37:51.352: [INFO] LastUsedProfileDir: C:\Users\u0156396\Desktop\ver.2\browser_profile\Default
2026-09-17 12:37:51.352: [INFO] VisibilityChanged: 0
2026-09-17 12:37:51.398: [INFO] OnDoneLoading sync enabled: 0
2026-09-17 12:37:51.398: [INFO] BookmarkModelLoaded, ids_reassigned: 0
2026-09-17 12:37:51.398: [INFO] BookmarksLoadDropped droppedNodes=0
2026-09-17 12:37:51.398: [INFO] BookmarksSnapshot Startup total=0 bar=0 other=0 mobile=0 showBar=0 showBarNTP=1
2026-09-17 12:37:55.789: [INFO] BookmarksSnapshot Shutdown total=0 bar=0 other=0 mobile=0 showBar=0 showBarNTP=1
2026-09-17 12:40:51.586: [INFO] CurrentProfilePath: C:\Users\u0156396\Desktop\ver.2\browser_profile\Default
2026-09-17 12:40:51.586: [INFO] Profiles total count: 1
2026-09-17 12:40:51.586: [INFO] Profile: name=Profile 1 path=C:\Users\u0156396\Desktop\ver.2\browser_profile\Default lastActive=2026-09-17T12:37:51.379Z
2026-09-17 12:40:51.586: [INFO] LastUsedProfileDir: C:\Users\u0156396\Desktop\ver.2\browser_profile\Default
2026-09-17 12:40:51.586: [INFO] MostRecentlyActiveProfile: name=Profile 1 path=C:\Users\u0156396\Desktop\ver.2\browser_profile\Default lastActive=2026-09-17T12:37:51.379Z
2026-09-17 12:40:51.586: [INFO] VisibilityChanged: 0
2026-09-17 12:40:51.630: [INFO] OnDoneLoading sync enabled: 0
2026-09-17 12:40:51.630: [INFO] BookmarkModelLoaded, ids_reassigned: 0
2026-09-17 12:40:51.630: [INFO] BookmarksLoadDropped droppedNodes=0
2026-09-17 12:40:51.630: [INFO] BookmarksSnapshot Startup total=0 bar=0 other=0 mobile=0 showBar=0 showBarNTP=1
2026-09-17 12:43:35.890: [INFO] BookmarksSnapshot Shutdown total=0 bar=0 other=0 mobile=0 showBar=0 showBarNTP=1
2026-09-17 12:43:57.892: [INFO] CurrentProfilePath: C:\Users\u0156396\Desktop\ver.2\browser_profile\Default
2026-09-17 12:43:57.892: [INFO] Profiles total count: 1
2026-09-17 12:43:57.892: [INFO] Profile: name=Profile 1 path=C:\Users\u0156396\Desktop\ver.2\browser_profile\Default lastActive=2026-09-17T12:43:32.053Z
2026-09-17 12:43:57.892: [INFO] LastUsedProfileDir: C:\Users\u0156396\Desktop\ver.2\browser_profile\Default
2026-09-17 12:43:57.892: [INFO] MostRecentlyActiveProfile: name=Profile 1 path=C:\Users\u0156396\Desktop\ver.2\browser_profile\Default lastActive=2026-09-17T12:43:32.053Z
2026-09-17 12:43:57.892: [INFO] VisibilityChanged: 0
2026-09-17 12:43:57.955: [INFO] OnDoneLoading sync enabled: 0
2026-09-17 12:43:57.955: [INFO] BookmarkModelLoaded, ids_reassigned: 0
2026-09-17 12:43:57.955: [INFO] BookmarksLoadDropped droppedNodes=0
2026-09-17 12:43:57.955: [INFO] BookmarksSnapshot Startup total=0 bar=0 other=0 mobile=0 showBar=0 showBarNTP=1
2026-09-17 12:53:29.101: [INFO] BookmarksSnapshot Shutdown total=0 bar=0 other=0 mobile=0 showBar=0 showBarNTP=1
